TAP version 13
# Subtest: all repaired pending questions work in practice and mock; retired duplicates stay excluded
ok 1 - all repaired pending questions work in practice and mock; retired duplicates stay excluded
  ---
  duration_ms: 56.662718
  type: 'test'
  ...
# Subtest: only active/verified questions enter either mode, unavailable part stays in setup
ok 2 - only active/verified questions enter either mode, unavailable part stays in setup
  ---
  duration_ms: 7.148128
  type: 'test'
  ...
# Subtest: question variants and displayed answer order stay fixed on revisit
ok 3 - question variants and displayed answer order stay fixed on revisit
  ---
  duration_ms: 5.308966
  type: 'test'
  ...
# Subtest: incorrect practice answers stay locked on revisit and cannot change score
ok 4 - incorrect practice answers stay locked on revisit and cannot change score
  ---
  duration_ms: 2.184821
  type: 'test'
  ...
# Subtest: multiple choice scoring requires the entire correct set with no extras
ok 5 - multiple choice scoring requires the entire correct set with no extras
  ---
  duration_ms: 5.344477
  type: 'test'
  ...
# Subtest: results include correct, wrong and unanswered questions with explanations/basis/feedback
ok 6 - results include correct, wrong and unanswered questions with explanations/basis/feedback
  ---
  duration_ms: 5.043664
  type: 'test'
  ...
# Subtest: answer labels in review follow shuffled positions instead of original IDs
ok 7 - answer labels in review follow shuffled positions instead of original IDs
  ---
  duration_ms: 2.613722
  type: 'test'
  ...
# Subtest: deadline uses elapsed time, auto-submits once and rejects late selections
ok 8 - deadline uses elapsed time, auto-submits once and rejects late selections
  ---
  duration_ms: 2.793528
  type: 'test'
  ...
# Subtest: deselecting all multiple answers removes answered count, switching mode stops timer
ok 9 - deselecting all multiple answers removes answered count, switching mode stops timer
  ---
  duration_ms: 3.053721
  type: 'test'
  ...
# Subtest: feedback on separate answer cards sends central receipt, validates text and handles offline/local failure
ok 10 - feedback on separate answer cards sends central receipt, validates text and handles offline/local failure
  ---
  duration_ms: 7.045842
  type: 'test'
  ...
# Subtest: real published bank has unique IDs and only reviewed content enters either mode
ok 11 - real published bank has unique IDs and only reviewed content enters either mode
  ---
  duration_ms: 98.484742
  type: 'test'
  ...
# Subtest: loader loads validated bank, rejects corrupt/duplicate data, and leaves stored history intact
ok 12 - loader loads validated bank, rejects corrupt/duplicate data, and leaves stored history intact
  ---
  duration_ms: 41.025414
  type: 'test'
  ...
# Subtest: one shared code reproduces full exam in independent sessions with separate answers/deadlines
ok 13 - one shared code reproduces full exam in independent sessions with separate answers/deadlines
  ---
  duration_ms: 232.949399
  type: 'test'
  ...
# Subtest: sharing records actual capped count and supports both parts and all durations
ok 14 - sharing records actual capped count and supports both parts and all durations
  ---
  duration_ms: 22.460615
  type: 'test'
  ...
# Subtest: bad codes, old codes and changed bank are rejected without starting/resetting an attempt
ok 15 - bad codes, old codes and changed bank are rejected without starting/resetting an attempt
  ---
  duration_ms: 2.704748
  type: 'test'
  ...
# Subtest: changes to pending questions cannot change a shared eligible exam
ok 16 - changes to pending questions cannot change a shared eligible exam
  ---
  duration_ms: 2.880801
  type: 'test'
  ...
# Subtest: offline feedback stays pending; retry uses same UUID and duplicate acknowledgement is accepted
ok 17 - offline feedback stays pending; retry uses same UUID and duplicate acknowledgement is accepted
  ---
  duration_ms: 2.923784
  type: 'test'
  ...
# Subtest: server error does not falsely acknowledge feedback, local storage failure still permits central send
ok 18 - server error does not falsely acknowledge feedback, local storage failure still permits central send
  ---
  duration_ms: 3.43256
  type: 'test'
  ...
# Subtest: imported questions work in both parts, practice explanations and full mock scoring
ok 19 - imported questions work in both parts, practice explanations and full mock scoring
  ---
  duration_ms: 83.69465
  type: 'test'
  ...
# Subtest: deposit bank practices with explanations and grades a complete 18-question mock
ok 20 - deposit bank practices with explanations and grades a complete 18-question mock
  ---
  duration_ms: 17.117189
  type: 'test'
  ...
# Subtest: authorization bank grades all 20 cases and retains explanations in practice and mock
ok 21 - authorization bank grades all 20 cases and retains explanations in practice and mock
  ---
  duration_ms: 19.801026
  type: 'test'
  ...
# Subtest: family bank grades all 26 cases, explains incorrect answers and preserves saved history
ok 22 - family bank grades all 26 cases, explains incorrect answers and preserves saved history
  ---
  duration_ms: 27.640969
  type: 'test'
  ...
# Subtest: inheritance bank grades all 32 cases and explains wrong practice answers without modifying existing keys
ok 23 - inheritance bank grades all 32 cases and explains wrong practice answers without modifying existing keys
  ---
  duration_ms: 33.6405
  type: 'test'
  ...
# Subtest: completion cases load in both parts, grade correctly after shuffling, and keep prior snapshots
ok 24 - completion cases load in both parts, grade correctly after shuffling, and keep prior snapshots
  ---
  duration_ms: 62.506614
  type: 'test'
  ...
# Subtest: all refinement cases work in practice, mixed-answer mocks and unchanged previous history
ok 25 - all refinement cases work in practice, mixed-answer mocks and unchanged previous history
  ---
  duration_ms: 69.859183
  type: 'test'
  ...
# Subtest: every previously pending stored question has a specific editorial decision and linked evidence
ok 26 - every previously pending stored question has a specific editorial decision and linked evidence
  ---
  duration_ms: 4.550537
  type: 'test'
  ...
# Subtest: inheritance cases link specific source branches and verified current provisions
ok 27 - inheritance cases link specific source branches and verified current provisions
  ---
  duration_ms: 8.974708
  type: 'test'
  ...
# Subtest: family cases link reviewed source branches, current article evidence and independent keys
ok 28 - family cases link reviewed source branches, current article evidence and independent keys
  ---
  duration_ms: 5.003046
  type: 'test'
  ...
# Subtest: authorization cases carry precise legal evidence and never duplicate the source appendix
ok 29 - authorization cases carry precise legal evidence and never duplicate the source appendix
  ---
  duration_ms: 1.856553
  type: 'test'
  ...
# Subtest: all stored IDs and answer IDs are unique; single questions have exactly one key
ok 30 - all stored IDs and answer IDs are unique; single questions have exactly one key
  ---
  duration_ms: 2.011857
  type: 'test'
  ...
# Subtest: 80 independently authored completion cases have exact keys and linked article evidence
ok 31 - 80 independently authored completion cases have exact keys and linked article evidence
  ---
  duration_ms: 11.502445
  type: 'test'
  ...
# Subtest: active citations are linked and future rules require an explicit application date
ok 32 - active citations are linked and future rules require an explicit application date
  ---
  duration_ms: 3.502213
  type: 'test'
  ...
# Subtest: 80 refinement cases resolve every reference to statutory evidence and one dated key
ok 33 - 80 refinement cases resolve every reference to statutory evidence and one dated key
  ---
  duration_ms: 6.857511
  type: 'test'
  ...
# Subtest: later duplicate decisions retain IDs and keys while excluding all three from new sessions
ok 34 - later duplicate decisions retain IDs and keys while excluding all three from new sessions
  ---
  duration_ms: 1.137061
  type: 'test'
  ...
# Subtest: eligible questions have distinct stems, explanations, registered sources and dated future law
ok 35 - eligible questions have distinct stems, explanations, registered sources and dated future law
  ---
  duration_ms: 17.692497
  type: 'test'
  ...
# Subtest: new cases each carry traceable article evidence and precise references
ok 36 - new cases each carry traceable article evidence and precise references
  ---
  duration_ms: 9.445561
  type: 'test'
  ...
# Subtest: mechanical expansion cannot enter practice or exams
ok 37 - mechanical expansion cannot enter practice or exams
  ---
  duration_ms: 0.607185
  type: 'test'
  ...
# Subtest: deposit cases have article evidence and linked source provenance; appendix stays review
ok 38 - deposit cases have article evidence and linked source provenance; appendix stays review
  ---
  duration_ms: 2.510054
  type: 'test'
  ...
# Subtest: imported exams preserve every source item and certify only linked adapted questions
ok 39 - imported exams preserve every source item and certify only linked adapted questions
  ---
  duration_ms: 18.768316
  type: 'test'
  ...
# Subtest: names normalize case/spacing but access uses random secret; same name on new device is isolated
ok 40 - names normalize case/spacing but access uses random secret; same name on new device is isolated
  ---
  duration_ms: 8.278893
  type: 'test'
  ...
# Subtest: snapshot preserves exact submitted answers, explanations and elapsed time
ok 41 - snapshot preserves exact submitted answers, explanations and elapsed time
  ---
  duration_ms: 4.154413
  type: 'test'
  ...
# Subtest: offline attempt remains queued with same receipt, retry duplicate ack clears queue
ok 42 - offline attempt remains queued with same receipt, retry duplicate ack clears queue
  ---
  duration_ms: 2.415836
  type: 'test'
  ...
# Subtest: local storage failure does not prevent central acknowledgement
ok 43 - local storage failure does not prevent central acknowledgement
  ---
  duration_ms: 2.030558
  type: 'test'
  ...
# Subtest: weak topics use last five attempts and include unanswered questions; HTML is escaped
ok 44 - weak topics use last five attempts and include unanswered questions; HTML is escaped
  ---
  duration_ms: 30.551309
  type: 'test'
  ...
# Subtest: history pagination handles more than 100 results, secret header is mandatory in every request
ok 45 - history pagination handles more than 100 results, secret header is mandatory in every request
  ---
  duration_ms: 12.906992
  type: 'test'
  ...
1..45
# tests 45
# suites 0
# pass 45
# fail 0
# cancelled 0
# skipped 0
# todo 0
# duration_ms 963.838538
